[0m[[0m[0mdebug[0m] [0m[0m> Exec(run, Some(e61ba68e-6fa9-4ada-9f4c-0b422b05ab8c), Some(CommandSource(console0)))[0m
[0m[[0m[0mdebug[0m] [0m[0mEvaluating tasks: Compile / run[0m
[0m[[0m[0mdebug[0m] [0m[0mRunning task... Cancel: Signal, check cycles: false, forcegc: true[0m
[0m[[0m[0minfo[0m] [0m[0mcompiling 21 Scala sources to /home/vsahithi/IdeaProjects/Practice/target/scala-3.3.7/classes ...[0m
[0m[[0m[33mwarn[0m] [0m[0m[33m[33m-- Warning: /home/vsahithi/IdeaProjects/Practice/src/main/scala/ConditionalLoops/BreakContinue.scala:15:0 [0m[0m[0m
[0m[[0m[33mwarn[0m] [0m[0m[33m15 |[0mprintln([31m" break loop exceuted"[0m)[0m
[0m[[0m[33mwarn[0m] [0m[0m[33m[33m   |[0m^[0m[0m
[0m[[0m[33mwarn[0m] [0m[0m[33m   |[0mLine is indented too far to the left, or a `}` is missing[0m
[0m[[0m[33mwarn[0m] [0m[0m[33m[33m-- Warning: /home/vsahithi/IdeaProjects/Practice/src/main/scala/ConditionalLoops/Loops.scala:28:0 [0m[0m[0m
[0m[[0m[33mwarn[0m] [0m[0m[33m28 |[0mprintln([31m"hello"[0m)[0m
[0m[[0m[33mwarn[0m] [0m[0m[33m[33m   |[0m^[0m[0m
[0m[[0m[33mwarn[0m] [0m[0m[33m   |[0mLine is indented too far to the left, or a `}` is missing[0m
[0m[[0m[33mwarn[0m] [0m[0m[33m[33m-- Warning: /home/vsahithi/IdeaProjects/Practice/src/main/scala/ConditionalLoops/NestedLoops.scala:21:2 [0m[0m[0m
[0m[[0m[33mwarn[0m] [0m[0m[33m21 |[0m  [33mdef[0m [36mmain[0m([36margs[0m: [35mArray[0m[[35mString[0m]): [35mUnit[0m = {[0m
[0m[[0m[33mwarn[0m] [0m[0m[33m[33m   |[0m  ^[0m[0m
[0m[[0m[33mwarn[0m] [0m[0m[33m   |[0m  Line is indented too far to the left, or a `}` is missing[0m
[0m[[0m[33mwarn[0m] [0m[0m[33m[33m-- Warning: /home/vsahithi/IdeaProjects/Practice/src/main/scala/ConditionalLoops/SalaryEvaluator.scala:10:2 [0m[0m[0m
[0m[[0m[33mwarn[0m] [0m[0m[33m10 |[0m  [33mval[0m [36mcategory[0m=[0m
[0m[[0m[33mwarn[0m] [0m[0m[33m[33m   |[0m  ^[0m[0m
[0m[[0m[33mwarn[0m] [0m[0m[33m   |[0m  Line is indented too far to the left, or a `}` is missing[0m
[0m[[0m[31merror[0m] [0m[0m[31m[31m-- [E006] Not Found Error: /home/vsahithi/IdeaProjects/Practice/src/main/scala/Constuctors/BankApp.scala:9:0 [0m[0m[0m
[0m[[0m[31merror[0m] [0m[0m[31m9 |[0mr[0m
[0m[[0m[31merror[0m] [0m[0m[31m[31m  |[0m^[0m[0m
[0m[[0m[31merror[0m] [0m[0m[31m  |[0mNot found: r[0m
[0m[[0m[31merror[0m] [0m[0m[31m  |[0m[0m
[0m[[0m[31merror[0m] [0m[0m[31m  |[0m longer explanation available when compiling with `-explain`[0m
[0m[[0m[33mwarn[0m] [0m[0m[33m[33m-- Warning: /home/vsahithi/IdeaProjects/Practice/src/main/scala/Operators/OperatorsAll.scala:29:3 [0m[0m[0m
[0m[[0m[33mwarn[0m] [0m[0m[33m29 |[0m   [33mval[0m [36myear[0m=[31m2024[0m[0m
[0m[[0m[33mwarn[0m] [0m[0m[33m[33m   |[0m   ^[0m[0m
[0m[[0m[33mwarn[0m] [0m[0m[33m   |[0m   Line is indented too far to the left, or a `}` is missing[0m
[0m[[0m[33mwarn[0m] [0m[0m[33m[33m-- Warning: /home/vsahithi/IdeaProjects/Practice/src/main/scala/Operators/OperatorsAll.scala:36:0 [0m[0m[0m
[0m[[0m[33mwarn[0m] [0m[0m[33m36 |[0m[33mval[0m [36mlargest[0m=[0m
[0m[[0m[33mwarn[0m] [0m[0m[33m[33m   |[0m^[0m[0m
[0m[[0m[33mwarn[0m] [0m[0m[33m   |[0mLine is indented too far to the left, or a `}` is missing[0m
[0m[[0m[33mwarn[0m] [0m[0m[33m[33m-- Warning: /home/vsahithi/IdeaProjects/Practice/src/main/scala/Operators/OperatorsAll.scala:37:0 [0m[0m[0m
[0m[[0m[33mwarn[0m] [0m[0m[33m37 |[0m[33mif[0m(b>=x && b>=y)([31m"b is largest"[0m,b)[0m
[0m[[0m[33mwarn[0m] [0m[0m[33m[33m   |[0m^[0m[0m
[0m[[0m[33mwarn[0m] [0m[0m[33m   |[0mLine is indented too far to the left, or a `}` is missing[0m
[0m[[0m[33mwarn[0m] [0m[0m[33m[33m-- Warning: /home/vsahithi/IdeaProjects/Practice/src/main/scala/Operators/OperatorsAll.scala:40:0 [0m[0m[0m
[0m[[0m[33mwarn[0m] [0m[0m[33m40 |[0mprintln([31ms"[0m$largest[31m with value"[0m)[0m
[0m[[0m[33mwarn[0m] [0m[0m[33m[33m   |[0m^[0m[0m
[0m[[0m[33mwarn[0m] [0m[0m[33m   |[0mLine is indented too far to the left, or a `}` is missing[0m
[0m[[0m[33mwarn[0m] [0m[0m[33m[33m-- Warning: /home/vsahithi/IdeaProjects/Practice/src/main/scala/Operators/OperatorsAll.scala:48:2 [0m[0m[0m
[0m[[0m[33mwarn[0m] [0m[0m[33m48 |[0m  [33mif[0m(hasVowel)println([31m"string contains vowels"[0m)[33melse[0m println([31m"not a vowels string "[0m)[0m
[0m[[0m[33mwarn[0m] [0m[0m[33m[33m   |[0m  ^[0m[0m
[0m[[0m[33mwarn[0m] [0m[0m[33m   |[0m  Line is indented too far to the left, or a `}` is missing[0m
[0m[[0m[33mwarn[0m] [0m[0m[33m[33m-- Warning: /home/vsahithi/IdeaProjects/Practice/src/main/scala/Operators/allPatterns.scala:11:4 [0m[0m[0m
[0m[[0m[33mwarn[0m] [0m[0m[33m11 |[0m    [33mval[0m [36mresult[0m=num [33mmatch[0m {[0m
[0m[[0m[33mwarn[0m] [0m[0m[33m[33m   |[0m    ^[0m[0m
[0m[[0m[33mwarn[0m] [0m[0m[33m   |[0m    Line is indented too far to the left, or a `}` is missing[0m
[0m[[0m[33mwarn[0m] [0m[0m[33m[33m-- Warning: /home/vsahithi/IdeaProjects/Practice/src/main/scala/Operators/allPatterns.scala:16:4 [0m[0m[0m
[0m[[0m[33mwarn[0m] [0m[0m[33m16 |[0m    println(result);[0m
[0m[[0m[33mwarn[0m] [0m[0m[33m[33m   |[0m    ^[0m[0m
[0m[[0m[33mwarn[0m] [0m[0m[33m   |[0m    Line is indented too far to the left, or a `}` is missing[0m
[0m[[0m[33mwarn[0m] [0m[0m[33m[33m-- Warning: /home/vsahithi/IdeaProjects/Practice/src/main/scala/Operators/allPatterns.scala:20:4 [0m[0m[0m
[0m[[0m[33mwarn[0m] [0m[0m[33m20 |[0m    [33mval[0m [36mpeople[0m=List(([31m27[0m,[31m"sahithi"[0m,[31mtrue[0m)[0m
[0m[[0m[33mwarn[0m] [0m[0m[33m[33m   |[0m    ^[0m[0m
[0m[[0m[33mwarn[0m] [0m[0m[33m   |[0m    Line is indented too far to the left, or a `}` is missing[0m
[0m[[0m[33mwarn[0m] [0m[0m[33m[33m-- Warning: /home/vsahithi/IdeaProjects/Practice/src/main/scala/Operators/allPatterns.scala:25:4 [0m[0m[0m
[0m[[0m[33mwarn[0m] [0m[0m[33m25 |[0m    [33mfor[0m(data <- people) {[0m
[0m[[0m[33mwarn[0m] [0m[0m[33m[33m   |[0m    ^[0m[0m
[0m[[0m[33mwarn[0m] [0m[0m[33m   |[0m    Line is indented too far to the left, or a `}` is missing[0m
[0m[[0m[33mwarn[0m] [0m[0m[33m[33m-- Warning: /home/vsahithi/IdeaProjects/Practice/src/main/scala/Operators/allPatterns.scala:42:4 [0m[0m[0m
[0m[[0m[33mwarn[0m] [0m[0m[33m42 |[0m    println([31m"value of -----------case pattern matching ----------\n"[0m)[0m
[0m[[0m[33mwarn[0m] [0m[0m[33m[33m   |[0m    ^[0m[0m
[0m[[0m[33mwarn[0m] [0m[0m[33m   |[0m    Line is indented too far to the left, or a `}` is missing[0m
[0m[[0m[33mwarn[0m] [0m[0m[33m[33m-- Warning: /home/vsahithi/IdeaProjects/Practice/src/main/scala/Operators/allPatterns.scala:43:4 [0m[0m[0m
[0m[[0m[33mwarn[0m] [0m[0m[33m43 |[0m    [33mval[0m [36mvalue[0m = List(([31m27[0m, [31m"sahithi"[0m, [31mtrue[0m)[0m
[0m[[0m[33mwarn[0m] [0m[0m[33m[33m   |[0m    ^[0m[0m
[0m[[0m[33mwarn[0m] [0m[0m[33m   |[0m    Line is indented too far to the left, or a `}` is missing[0m
[0m[[0m[33mwarn[0m] [0m[0m[33m[33m-- Warning: /home/vsahithi/IdeaProjects/Practice/src/main/scala/Operators/allPatterns.scala:49:4 [0m[0m[0m
[0m[[0m[33mwarn[0m] [0m[0m[33m49 |[0m    [33mfor[0m ( people<- value) {[0m
[0m[[0m[33mwarn[0m] [0m[0m[33m[33m   |[0m    ^[0m[0m
[0m[[0m[33mwarn[0m] [0m[0m[33m   |[0m    Line is indented too far to the left, or a `}` is missing[0m
[0m[[0m[33mwarn[0m] [0m[0m[33m[33m-- Warning: /home/vsahithi/IdeaProjects/Practice/src/main/scala/StrConcat/strClasCon.scala:7:4 [0m[0m[0m
[0m[[0m[33mwarn[0m] [0m[0m[33m7 |[0m    [33mval[0m [36mcd[0m=[31m"bye bye"[0m[0m
[0m[[0m[33mwarn[0m] [0m[0m[33m[33m  |[0m    ^[0m[0m
[0m[[0m[33mwarn[0m] [0m[0m[33m  |[0m    Line is indented too far to the left, or a `}` is missing[0m
[0m[[0m[33mwarn[0m] [0m[0m[33m[33m-- Warning: /home/vsahithi/IdeaProjects/Practice/src/main/scala/StrConcat/strClasCon.scala:8:4 [0m[0m[0m
[0m[[0m[33mwarn[0m] [0m[0m[33m8 |[0m    println(ab+[31m"--"[0m+cd)[0m
[0m[[0m[33mwarn[0m] [0m[0m[33m[33m  |[0m    ^[0m[0m
[0m[[0m[33mwarn[0m] [0m[0m[33m  |[0m    Line is indented too far to the left, or a `}` is missing[0m
[0m[[0m[33mwarn[0m] [0m[0m[33m[33m-- Warning: /home/vsahithi/IdeaProjects/Practice/src/main/scala/StrConcat/strClasCon.scala:9:4 [0m[0m[0m
[0m[[0m[33mwarn[0m] [0m[0m[33m9 |[0m    println(ab.concat([31m" "[0m).concat(cd))[0m
[0m[[0m[33mwarn[0m] [0m[0m[33m[33m  |[0m    ^[0m[0m
[0m[[0m[33mwarn[0m] [0m[0m[33m  |[0m    Line is indented too far to the left, or a `}` is missing[0m
[0m[[0m[33mwarn[0m] [0m[0m[33m[33m-- Warning: /home/vsahithi/IdeaProjects/Practice/src/main/scala/StrConcat/strClasCon.scala:11:4 [0m[0m[0m
[0m[[0m[33mwarn[0m] [0m[0m[33m11 |[0m    [33mval[0m [36ma[0m=[31m"sahithi"[0m[0m
[0m[[0m[33mwarn[0m] [0m[0m[33m[33m   |[0m    ^[0m[0m
[0m[[0m[33mwarn[0m] [0m[0m[33m   |[0m    Line is indented too far to the left, or a `}` is missing[0m
[0m[[0m[33mwarn[0m] [0m[0m[33m[33m-- Warning: /home/vsahithi/IdeaProjects/Practice/src/main/scala/StrConcat/strClasCon.scala:12:4 [0m[0m[0m
[0m[[0m[33mwarn[0m] [0m[0m[33m12 |[0m    [33mval[0m [36mb[0m= [33mnew[0m [35mString[0m([31m"sahithi"[0m)[0m
[0m[[0m[33mwarn[0m] [0m[0m[33m[33m   |[0m    ^[0m[0m
[0m[[0m[33mwarn[0m] [0m[0m[33m   |[0m    Line is indented too far to the left, or a `}` is missing[0m
[0m[[0m[33mwarn[0m] [0m[0m[33m[33m-- Warning: /home/vsahithi/IdeaProjects/Practice/src/main/scala/StrConcat/strClasCon.scala:13:4 [0m[0m[0m
[0m[[0m[33mwarn[0m] [0m[0m[33m13 |[0m    [33mval[0m [36ms[0m= [33mif[0m(a==b)[31m"same name"[0m [33melse[0m [31m"not same"[0m[0m
[0m[[0m[33mwarn[0m] [0m[0m[33m[33m   |[0m    ^[0m[0m
[0m[[0m[33mwarn[0m] [0m[0m[33m   |[0m    Line is indented too far to the left, or a `}` is missing[0m
[0m[[0m[33mwarn[0m] [0m[0m[33m[33m-- Warning: /home/vsahithi/IdeaProjects/Practice/src/main/scala/StrConcat/strClasCon.scala:14:4 [0m[0m[0m
[0m[[0m[33mwarn[0m] [0m[0m[33m14 |[0m    println(s)[0m
[0m[[0m[33mwarn[0m] [0m[0m[33m[33m   |[0m    ^[0m[0m
[0m[[0m[33mwarn[0m] [0m[0m[33m   |[0m    Line is indented too far to the left, or a `}` is missing[0m
[0m[[0m[33mwarn[0m] [0m[0m[33m[33m-- Warning: /home/vsahithi/IdeaProjects/Practice/src/main/scala/Test/NestedFunction.scala:9:2 [0m[0m[0m
[0m[[0m[33mwarn[0m] [0m[0m[33m9 |[0m  println([31m"substracting Values--"[0m)[0m
[0m[[0m[33mwarn[0m] [0m[0m[33m[33m  |[0m  ^[0m[0m
[0m[[0m[33mwarn[0m] [0m[0m[33m  |[0m  Line is indented too far to the left, or a `}` is missing[0m
[0m[[0m[33mwarn[0m] [0m[0m[33m[33m-- Warning: /home/vsahithi/IdeaProjects/Practice/src/main/scala/fieldsNmethods/PersonDec.scala:14:0 [0m[0m[0m
[0m[[0m[33mwarn[0m] [0m[0m[33m14 |[0mprintln(pers.treat());[0m
[0m[[0m[33mwarn[0m] [0m[0m[33m[33m   |[0m^[0m[0m
[0m[[0m[33mwarn[0m] [0m[0m[33m   |[0mLine is indented too far to the left, or a `}` is missing[0m
[0m[[0m[33mwarn[0m] [0m[0m25 warnings found[0m
[0m[[0m[31merror[0m] [0m[0mone error found[0m
[0m[[0m[0mdebug[0m] [0m[0mForcing garbage collection...[0m
[0m[[0m[31merror[0m] [0m[0m(Compile / [31mcompileIncremental[0m) Compilation failed[0m
[0m[[0m[31merror[0m] [0m[0mTotal time: 1 s, completed 7 Jan, 2026 11:52:48 AM[0m
[0m[[0m[0mdebug[0m] [0m[0m> Exec(shell, None, None)[0m
[0m[[0m[0mdebug[0m] [0m[0mForcing garbage collection...[0m
